cli:1:3: error: Unexpected token when parsing s-expression
( . )
  ^
1 error generated.
